#
# There is insufficient memory for the Java Runtime Environment to continue.
# Native memory allocation (mmap) failed to map 132120576 bytes. Error detail: G1 virtual space
# Possible reasons:
#   The system is out of physical RAM or swap space
#   This process is running with CompressedOops enabled, and the Java Heap may be blocking the growth of the native heap
# Possible solutions:
#   Reduce memory load on the system
#   Increase physical memory or swap space
#   Check if swap backing store is full
#   Decrease Java heap size (-Xmx/-Xms)
#   Decrease number of Java threads
#   Decrease Java thread stack sizes (-Xss)
#   Set larger code cache with -XX:ReservedCodeCacheSize=
#   JVM is running with Unscaled Compressed Oops mode in which the Java heap is
#     placed in the first 4GB address space. The Java Heap base address is the
#     maximum limit for the native heap growth. Please use -XX:HeapBaseMinAddress
#     to set the Java Heap base and to place the Java Heap above 4GB virtual address.
# This output file may be truncated or incomplete.
#
#  Out of Memory Error (os_windows.cpp:3925), pid=21524, tid=3748
#
# JRE version:  (21.0.8) (build )
# Java VM: OpenJDK 64-Bit Server VM (21.0.8+-14196175-b1038.72, mixed mode, sharing, tiered, compressed oops, compressed class ptrs, g1 gc, windows-amd64)
# No core dump will be written. Minidumps are not enabled by default on client versions of Windows
#

---------------  S U M M A R Y ------------

Command Line: org.jetbrains.kotlin.cli.jvm.K2JVMCompiler @C:\Users\Dante\AndroidStudioProjects\FotomarWMS_Grupo5\app\build\20260209_12828266910523528897.compiler.options

Host: 12th Gen Intel(R) Core(TM) i7-12700, 20 cores, 7G,  Windows 11 , 64 bit Build 26100 (10.0.26100.1)
Time: Mon Feb  9 15:56:25 2026 Hora verano Sudamérica Pacífico elapsed time: 2.019741 seconds (0d 0h 0m 2s)

---------------  T H R E A D  ---------------

Current thread (0x000001c91e912d30):  JavaThread "Unknown thread" [_thread_in_vm, id=3748, stack(0x000000316c200000,0x000000316c300000) (1024K)]

Stack: [0x000000316c200000,0x000000316c300000]
Native frames: (J=compiled Java code, j=interpreted, Vv=VM code, C=native code)
V  [jvm.dll+0x6d68d9]
V  [jvm.dll+0x866693]
V  [jvm.dll+0x868c4e]
V  [jvm.dll+0x869333]
V  [jvm.dll+0x280566]
V  [jvm.dll+0x6d3195]
V  [jvm.dll+0x6c69ea]
V  [jvm.dll+0x3586db]
V  [jvm.dll+0x360336]
V  [jvm.dll+0x3b23f6]
V  [jvm.dll+0x3b26c8]
V  [jvm.dll+0x32ae6c]
V  [jvm.dll+0x32bb5b]
V  [jvm.dll+0x82e109]
V  [jvm.dll+0x3bf5c8]
V  [jvm.dll+0x817388]
V  [jvm.dll+0x453b6e]
V  [jvm.dll+0x4552d1]
C  [jli.dll+0x52ab]
C  [ucrtbase.dll+0x43340]
C  [KERNEL32.DLL+0x31fd7]
C  [ntdll.dll+0x6d7d0]


---------------  P R O C E S S  ---------------

Threads class SMR info:
_java_thread_list=0x00007ffda539b988, length=0, elements={
}

Java Threads: ( => current thread )
Total: 0

Other Threads:
  0x000001c920fbeb60 WorkerThread "GC Thread#0"                     [id=17884, stack(0x000000316c300000,0x000000316c400000) (1024K)]
  0x000001c920fd02c0 ConcurrentGCThread "G1 Main Marker"            [id=16712, stack(0x000000316c400000,0x000000316c500000) (1024K)]
  0x000001c920fd1560 WorkerThread "G1 Conc#0"                       [id=5380, stack(0x000000316c500000,0x000000316c600000) (1024K)]

[error occurred during error reporting (printing all threads), id 0xc0000005, EXCEPTION_ACCESS_VIOLATION (0xc0000005) at pc=0x00007ffda4b8ddd7]
VM state: not at safepoint (not fully initialized)

VM Mutex/Monitor currently owned by a thread:  ([mutex/lock_event])
[0x00007ffda54086b8] Heap_lock - owner thread: 0x000001c91e912d30

Heap address: 0x0000000083600000, size: 1994 MB, Compressed Oops mode: 32-bit

CDS archive(s) mapped at: [0x0000000000000000-0x0000000000000000-0x0000000000000000), size 0, SharedBaseAddress: 0x0000000800000000, ArchiveRelocationMode: 1.
Narrow klass base: 0x0000000000000000, Narrow klass shift: 0, Narrow klass range: 0x0

GC Precious Log:
 CardTable entry size: 512
 Card Set container configuration: InlinePtr #cards 5 size 8 Array Of Cards #cards 12 size 40 Howl #buckets 4 coarsen threshold 1843 Howl Bitmap #cards 512 size 80 coarsen threshold 460 Card regions per heap region 1 cards per card region 2048

Heap:
 garbage-first heap   total 0K, used 0K [0x0000000083600000, 0x0000000100000000)
  region size 1024K, 0 young (0K), 0 survivors (0K)
 Metaspace       used 0K, committed 0K, reserved 0K
  class space    used 0K, committed 0K, reserved 0K

Heap Regions: E=young(eden), S=young(survivor), O=old, HS=humongous(starts), HC=humongous(continues), CS=collection set, F=free, TAMS=top-at-mark-start, PB=parsable bottom

Card table byte_map: [0x000001c933f50000,0x000001c934340000] _byte_map_base: 0x000001c933b35000

Marking Bits: (CMBitMap*) 0x000001c920fbf260
 Bits: [0x000001c934340000, 0x000001c936268000)

GC Heap History (0 events):
No events

Dll operation events (1 events):
Event: 0.003 Loaded shared library C:\Program Files\Android\Android Studio\jbr\bin\java.dll

Deoptimization events (0 events):
No events

Classes loaded (0 events):
No events

Classes unloaded (0 events):
No events

Classes redefined (0 events):
No events

Internal exceptions (0 events):
No events

ZGC Phase Switch (0 events):
No events

VM Operations (0 events):
No events

Memory protections (0 events):
No events

Nmethod flushes (0 events):
No events

Events (0 events):
No events


Dynamic libraries:
0x00007ff7d3c90000 - 0x00007ff7d3c9a000 	C:\Program Files\Android\Android Studio\jbr\bin\java.exe
0x00007ffde4670000 - 0x00007ffde48c5000 	C:\Windows\SYSTEM32\ntdll.dll
0x00007ffde3be0000 - 0x00007ffde3ca7000 	C:\Windows\System32\KERNEL32.DLL
0x00007ffde2190000 - 0x00007ffde2530000 	C:\Windows\System32\KERNELBASE.dll
0x00007ffde1c20000 - 0x00007ffde1d6a000 	C:\Windows\System32\ucrtbase.dll
0x00007ffdc0eb0000 - 0x00007ffdc0ec8000 	C:\Program Files\Android\Android Studio\jbr\bin\jli.dll
0x00007ffddbfe0000 - 0x00007ffddbffb000 	C:\Program Files\Android\Android Studio\jbr\bin\VCRUNTIME140.dll
0x00007ffde4420000 - 0x00007ffde45df000 	C:\Windows\System32\USER32.dll
0x00007ffde2540000 - 0x00007ffde2567000 	C:\Windows\System32\win32u.dll
0x00007ffdd0f00000 - 0x00007ffdd1190000 	C:\Windows\WinSxS\amd64_microsoft.windows.common-controls_6595b64144ccf1df_6.0.26100.1_none_fc2d3fda0fd46076\COMCTL32.dll
0x00007ffde29f0000 - 0x00007ffde2a1a000 	C:\Windows\System32\GDI32.dll
0x00007ffde2a20000 - 0x00007ffde2ac9000 	C:\Windows\System32\msvcrt.dll
0x00007ffde1ee0000 - 0x00007ffde2001000 	C:\Windows\System32\gdi32full.dll
0x00007ffde1e30000 - 0x00007ffde1ed3000 	C:\Windows\System32\msvcp_win.dll
0x00007ffde3a10000 - 0x00007ffde3a3f000 	C:\Windows\System32\IMM32.DLL
0x00007ffddce30000 - 0x00007ffddce3c000 	C:\Program Files\Android\Android Studio\jbr\bin\vcruntime140_1.dll
0x00007ffda0370000 - 0x00007ffda03fd000 	C:\Program Files\Android\Android Studio\jbr\bin\msvcp140.dll
0x00007ffda4850000 - 0x00007ffda54e6000 	C:\Program Files\Android\Android Studio\jbr\bin\server\jvm.dll
0x00007ffde3050000 - 0x00007ffde3102000 	C:\Windows\System32\ADVAPI32.dll
0x00007ffde3550000 - 0x00007ffde35f6000 	C:\Windows\System32\sechost.dll
0x00007ffde3420000 - 0x00007ffde3536000 	C:\Windows\System32\RPCRT4.dll
0x00007ffde45f0000 - 0x00007ffde4664000 	C:\Windows\System32\WS2_32.dll
0x00007ffde0f10000 - 0x00007ffde0f5e000 	C:\Windows\SYSTEM32\POWRPROF.dll
0x00007ffdd2f60000 - 0x00007ffdd2f96000 	C:\Windows\SYSTEM32\WINMM.dll
0x00007ffdd9e90000 - 0x00007ffdd9e9b000 	C:\Windows\SYSTEM32\VERSION.dll
0x00007ffde0ef0000 - 0x00007ffde0f04000 	C:\Windows\SYSTEM32\UMPDC.dll
0x00007ffde0a50000 - 0x00007ffde0a6a000 	C:\Windows\SYSTEM32\kernel.appcore.dll
0x00007ffdc6020000 - 0x00007ffdc602a000 	C:\Program Files\Android\Android Studio\jbr\bin\jimage.dll
0x00007ffdd20b0000 - 0x00007ffdd22f1000 	C:\Windows\SYSTEM32\DBGHELP.DLL
0x00007ffde3690000 - 0x00007ffde3a05000 	C:\Windows\System32\combase.dll
0x00007ffde2dd0000 - 0x00007ffde2ea6000 	C:\Windows\System32\OLEAUT32.dll
0x00007ffdab830000 - 0x00007ffdab869000 	C:\Windows\SYSTEM32\dbgcore.DLL
0x00007ffde1b80000 - 0x00007ffde1c19000 	C:\Windows\System32\bcryptPrimitives.dll
0x00007ffdc5530000 - 0x00007ffdc5550000 	C:\Program Files\Android\Android Studio\jbr\bin\java.dll

JVMTI agents: none

dbghelp: loaded successfully - version: 4.0.5 - missing functions: none
symbol engine: initialized successfully - sym options: 0x614 - pdb path: .;C:\Program Files\Android\Android Studio\jbr\bin;C:\Windows\SYSTEM32;C:\Windows\WinSxS\amd64_microsoft.windows.common-controls_6595b64144ccf1df_6.0.26100.1_none_fc2d3fda0fd46076;C:\Program Files\Android\Android Studio\jbr\bin\server

VM Arguments:
java_command: org.jetbrains.kotlin.cli.jvm.K2JVMCompiler @C:\Users\Dante\AndroidStudioProjects\FotomarWMS_Grupo5\app\build\20260209_12828266910523528897.compiler.options
java_class_path (initial): C:\Users\Dante\.gradle\caches\modules-2\files-2.1\org.jetbrains.kotlin\kotlin-compiler-embeddable\2.0.21\79346ed53db48b18312a472602eb5c057070c54d\kotlin-compiler-embeddable-2.0.21.jar;C:\Users\Dante\.gradle\caches\modules-2\files-2.1\org.jetbrains.kotlin\kotlin-stdlib\2.0.21\618b539767b4899b4660a83006e052b63f1db551\kotlin-stdlib-2.0.21.jar;C:\Users\Dante\.gradle\caches\modules-2\files-2.1\org.jetbrains.kotlin\kotlin-script-runtime\2.0.21\c9b044380ad41f89aa89aa896c2d32a8c0b2129d\kotlin-script-runtime-2.0.21.jar;C:\Users\Dante\.gradle\caches\modules-2\files-2.1\org.jetbrains.kotlin\kotlin-reflect\1.6.10\1cbe9c92c12a94eea200d23c2bbaedaf3daf5132\kotlin-reflect-1.6.10.jar;C:\Users\Dante\.gradle\caches\modules-2\files-2.1\org.jetbrains.kotlin\kotlin-daemon-embeddable\2.0.21\c9e933b23287de9b5a17e2116b4657bb91aea72c\kotlin-daemon-embeddable-2.0.21.jar;C:\Users\Dante\.gradle\caches\modules-2\files-2.1\org.jetbrains.intellij.deps\trove4j\1.0.20200330\3afb14d5f9ceb459d724e907a21145e8ff394f02\trove4j-1.0.20200330.jar;C:\Users\Dante\.gradle\caches\modules-2\files-2.1\org.jetbrains.kotlinx\kotlinx-coroutines-core-jvm\1.6.4\2c997cd1c0ef33f3e751d3831929aeff1390cb30\kotlinx-coroutines-core-jvm-1.6.4.jar;C:\Users\Dante\.gradle\caches\modules-2\files-2.1\org.jetbrains\annotations\13.0\919f0dfe192fb4e063e7dacadee7f8bb9a2672a9\annotations-13.0.jar
Launcher Type: SUN_STANDARD

[Global flags]
     intx CICompilerCount                          = 12                                        {product} {ergonomic}
     uint ConcGCThreads                            = 4                                         {product} {ergonomic}
     uint G1ConcRefinementThreads                  = 15                                        {product} {ergonomic}
   size_t G1HeapRegionSize                         = 1048576                                   {product} {ergonomic}
    uintx GCDrainStackTargetSize                   = 64                                        {product} {ergonomic}
   size_t InitialHeapSize                          = 132120576                                 {product} {ergonomic}
   size_t MarkStackSize                            = 4194304                                   {product} {ergonomic}
   size_t MaxHeapSize                              = 2090860544                                {product} {ergonomic}
   size_t MinHeapDeltaBytes                        = 1048576                                   {product} {ergonomic}
   size_t MinHeapSize                              = 8388608                                   {product} {ergonomic}
    uintx NonNMethodCodeHeapSize                   = 7602480                                {pd product} {ergonomic}
    uintx NonProfiledCodeHeapSize                  = 122027880                              {pd product} {ergonomic}
    uintx ProfiledCodeHeapSize                     = 122027880                              {pd product} {ergonomic}
    uintx ReservedCodeCacheSize                    = 251658240                              {pd product} {ergonomic}
     bool SegmentedCodeCache                       = true                                      {product} {ergonomic}
   size_t SoftMaxHeapSize                          = 2090860544                             {manageable} {ergonomic}
     bool UseCompressedOops                        = true                           {product lp64_product} {ergonomic}
     bool UseG1GC                                  = true                                      {product} {ergonomic}
     bool UseLargePagesIndividualAllocation        = false                                  {pd product} {ergonomic}

Logging:
Log output configuration:
 #0: stdout all=warning uptime,level,tags foldmultilines=false
 #1: stderr all=off uptime,level,tags foldmultilines=false

Environment Variables:
JAVA_HOME=C:\java-1.8.0-openjdk-1.8.0.392-1.b08.redhat.windows.x86_64
PATH=C:\Python314\Scripts\;C:\Python314\;C:\Program Files\Python311\Scripts\;C:\Program Files\Python311\;%JAVA_HOME%\bin;C:\Windows\system32;C:\Windows;C:\Windows\System32\Wbem;C:\Windows\System32\WindowsPowerShell\v1.0\;C:\Windows\System32\OpenSSH\;C:\Program Files\NVIDIA Corporation\NVIDIA App\NvDLISR;C:\Program Files (x86)\NVIDIA Corporation\PhysX\Common;C:\Program Files\Git\cmd;C:\Program Files\nodejs\;C:\ProgramData\chocolatey\bin;C:\Program Files\CMake\bin;C:\Users\Dante\AppData\Local\Microsoft\WindowsApps;C:\Users\Dante\AppData\Local\Programs\Antigravity\bin;C:\Users\Dante\AppData\Roaming\npm;C:\Users\Dante\AppData\Local\Microsoft\WinGet\Links;
USERNAME=Dante
OS=Windows_NT
PROCESSOR_IDENTIFIER=Intel64 Family 6 Model 151 Stepping 2, GenuineIntel
TMP=C:\Users\Dante\AppData\Local\Temp
TEMP=C:\Users\Dante\AppData\Local\Temp




Periodic native trim disabled

JNI global refs:
JNI global refs: 0, weak refs: 0

JNI global refs memory usage: 0, weak refs: 0

Process memory usage:
Resident Set Size: 12648K (0% of 8161904K total physical memory with 664620K free physical memory)

OOME stack traces (most recent first):
Classloader memory used:

---------------  S Y S T E M  ---------------

OS:
 Windows 11 , 64 bit Build 26100 (10.0.26100.1)
OS uptime: 7 days 3:57 hours

CPU: total 20 (initial active 20) (10 cores per cpu, 2 threads per core) family 6 model 151 stepping 2 microcode 0x28, cx8, cmov, fxsr, ht, mmx, 3dnowpref, sse, sse2, sse3, ssse3, sse4.1, sse4.2, popcnt, lzcnt, tsc, tscinvbit, avx, avx2, aes, erms, clmul, bmi1, bmi2, adx, sha, fma, vzeroupper, clflush, clflushopt, clwb, serialize, rdtscp, rdpid, fsrm, f16c, pku, cet_ibt, cet_ss
Processor Information for the first 20 processors :
  Max Mhz: 2100, Current Mhz: 2100, Mhz Limit: 2100

Memory: 4k page, system-wide physical 7970M (649M free)
TotalPageFile size 32546M (AvailPageFile size 15M)
current process WorkingSet (physical memory assigned to process): 12M, peak: 12M
current process commit charge ("private bytes"): 75M, peak: 201M

vm_info: OpenJDK 64-Bit Server VM (21.0.8+-14196175-b1038.72) for windows-amd64 JRE (21.0.8+-14196175-b1038.72), built on 2025-10-01T10:24:33Z by "builder" with MS VC++ 16.10 / 16.11 (VS2019)

END.
